2026-09-03T22:34:42 DECOMP START (poll 0)
[c3] 7 r-1: ok elapsed=122.942569 ms qpu=121.6020 ms
[c3] 7 r0: ok elapsed=122.943859 ms qpu=121.6020 ms
[c3] 7 r1: ok elapsed=122.944089 ms qpu=121.6020 ms
[c3] 7 r2: ok elapsed=122.9368 ms qpu=121.6020 ms
[c3] 7 r3: ok elapsed=122.941139 ms qpu=121.6020 ms
[c3] 7 r4: ok elapsed=122.93378 ms qpu=121.6020 ms
[c3] 7 r5: ok elapsed=122.94338 ms qpu=121.6020 ms
[c3] 7 r6: ok elapsed=122.938979 ms qpu=121.6020 ms
[c3] 7 r7: ok elapsed=122.941729 ms qpu=121.6020 ms
[c3] 7 r8: ok elapsed=122.94394 ms qpu=121.6020 ms
[c3] 7 r9: ok elapsed=122.936819 ms qpu=121.6020 ms
[c3] 6 r-1: ok elapsed=12.560835 ms qpu=12.3515 ms
[c3] 6 r0: ok elapsed=12.567805 ms qpu=12.3515 ms
[c3] 6 r1: ok elapsed=12.560956 ms qpu=12.3515 ms
[c3] 6 r2: ok elapsed=12.558486 ms qpu=12.3515 ms
[c3] 6 r3: ok elapsed=12.555925 ms qpu=12.3515 ms
[c3] 6 r4: ok elapsed=12.560116 ms qpu=12.3515 ms
[c3] 6 r5: ok elapsed=12.555166 ms qpu=12.3515 ms
[c3] 6 r6: ok elapsed=12.562616 ms qpu=12.3515 ms
[c3] 6 r7: ok elapsed=12.562096 ms qpu=12.3515 ms
[c3] 6 r8: ok elapsed=12.559826 ms qpu=12.3515 ms
[c3] 6 r9: ok elapsed=12.568885 ms qpu=12.3515 ms
[c3] 8 r-1: ok elapsed=18.644307 ms qpu=18.4054 ms
[c3] 8 r0: ok elapsed=18.783308 ms qpu=18.4054 ms
[c3] 8 r1: ok elapsed=18.630636 ms qpu=18.4054 ms
[c3] 8 r2: ok elapsed=18.632917 ms qpu=18.4054 ms
[c3] 8 r3: ok elapsed=18.780548 ms qpu=18.4054 ms
[c3] 8 r4: ok elapsed=18.643566 ms qpu=18.4054 ms
[c3] 8 r5: ok elapsed=18.638146 ms qpu=18.4054 ms
[c3] 8 r6: ok elapsed=18.630987 ms qpu=18.4054 ms
[c3] 8 r7: ok elapsed=18.631536 ms qpu=18.4054 ms
[c3] 8 r8: ok elapsed=18.633886 ms qpu=18.4054 ms
[c3] 8 r9: ok elapsed=18.634787 ms qpu=18.4054 ms
2026-09-03T22:34:50 poll 0 pass done; switching dma_server to STRM_POLL_US=200
2026-09-03T22:34:54 dma_server restarted with STRM_POLL_US=200: LISTEN 0      3            0.0.0.0:8080       0.0.0.0:*          
332479 /home/xilinx/software/scripts/dma_server

>>> Waiting for connection...
[c3] 7 r-1: ok elapsed=122.93772 ms qpu=121.6020 ms
[c3] 7 r0: ok elapsed=122.94835 ms qpu=121.6020 ms
[c3] 7 r1: ok elapsed=122.96807 ms qpu=121.6020 ms
[c3] 7 r2: ok elapsed=122.93456 ms qpu=121.6020 ms
[c3] 7 r3: ok elapsed=122.939639 ms qpu=121.6020 ms
[c3] 7 r4: ok elapsed=122.94201 ms qpu=121.6020 ms
[c3] 7 r5: ok elapsed=122.93826 ms qpu=121.6020 ms
[c3] 7 r6: ok elapsed=122.941809 ms qpu=121.6020 ms
[c3] 7 r7: ok elapsed=122.94449 ms qpu=121.6020 ms
[c3] 7 r8: ok elapsed=122.940959 ms qpu=121.6020 ms
[c3] 7 r9: ok elapsed=122.94396 ms qpu=121.6020 ms
[c3] 6 r-1: ok elapsed=12.568795 ms qpu=12.3515 ms
[c3] 6 r0: ok elapsed=12.568926 ms qpu=12.3515 ms
[c3] 6 r1: ok elapsed=12.563135 ms qpu=12.3515 ms
[c3] 6 r2: ok elapsed=12.555106 ms qpu=12.3515 ms
[c3] 6 r3: ok elapsed=12.556365 ms qpu=12.3515 ms
[c3] 6 r4: ok elapsed=12.555915 ms qpu=12.3515 ms
[c3] 6 r5: ok elapsed=12.557836 ms qpu=12.3515 ms
[c3] 6 r6: ok elapsed=12.562426 ms qpu=12.3515 ms
[c3] 6 r7: ok elapsed=12.557816 ms qpu=12.3515 ms
[c3] 6 r8: ok elapsed=12.557476 ms qpu=12.3515 ms
[c3] 6 r9: ok elapsed=12.556405 ms qpu=12.3515 ms
[c3] 19 r-1: ok elapsed=190.913219 ms qpu=190.1199 ms
[c3] 19 r0: ok elapsed=190.915289 ms qpu=190.1199 ms
[c3] 19 r1: ok elapsed=190.916449 ms qpu=190.1199 ms
[c3] 19 r2: ok elapsed=190.92009 ms qpu=190.1199 ms
[c3] 19 r3: ok elapsed=190.918119 ms qpu=190.1199 ms
[c3] 19 r4: ok elapsed=190.91788 ms qpu=190.1199 ms
[c3] 19 r5: ok elapsed=190.9156 ms qpu=190.1199 ms
[c3] 19 r6: ok elapsed=190.922179 ms qpu=190.1199 ms
[c3] 19 r7: ok elapsed=190.91337 ms qpu=190.1199 ms
[c3] 19 r8: ok elapsed=190.926099 ms qpu=190.1199 ms
[c3] 19 r9: ok elapsed=190.921029 ms qpu=190.1199 ms
2026-09-03T22:35:07 DECOMP DONE (board left at STRM_POLL_US=200)
2026-09-03T22:37:53 DECOMP START (poll 0)
2026-09-03T22:37:57 dma_server restarted with STRM_POLL_US=0: LISTEN 0      3            0.0.0.0:8080       0.0.0.0:*          
332568 /home/xilinx/software/scripts/dma_server

>>> Waiting for connection...
[c3] 10 r-1: ok elapsed=0.97493 ms qpu=0.8756 ms
[c3] 10 r0: ok elapsed=0.98193 ms qpu=0.8756 ms
[c3] 10 r1: ok elapsed=0.976899 ms qpu=0.8756 ms
[c3] 10 r2: ok elapsed=0.97853 ms qpu=0.8756 ms
[c3] 10 r3: ok elapsed=0.97555 ms qpu=0.8756 ms
[c3] 10 r4: ok elapsed=0.9829 ms qpu=0.8756 ms
[c3] 10 r5: ok elapsed=0.99545 ms qpu=0.8756 ms
[c3] 10 r6: ok elapsed=0.97857 ms qpu=0.8756 ms
[c3] 10 r7: ok elapsed=0.97483 ms qpu=0.8756 ms
[c3] 10 r8: ok elapsed=0.98136 ms qpu=0.8756 ms
[c3] 10 r9: ok elapsed=0.97594 ms qpu=0.8756 ms
[c3] 9 r-1: ok elapsed=2.800558 ms qpu=2.7013 ms
[c3] 9 r0: ok elapsed=2.800768 ms qpu=2.7013 ms
[c3] 9 r1: ok elapsed=2.810948 ms qpu=2.7013 ms
[c3] 9 r2: ok elapsed=2.797528 ms qpu=2.7013 ms
[c3] 9 r3: ok elapsed=2.798358 ms qpu=2.7013 ms
[c3] 9 r4: ok elapsed=2.843368 ms qpu=2.7013 ms
[c3] 9 r5: ok elapsed=2.799818 ms qpu=2.7013 ms
[c3] 9 r6: ok elapsed=2.801398 ms qpu=2.7013 ms
[c3] 9 r7: ok elapsed=2.798388 ms qpu=2.7013 ms
[c3] 9 r8: ok elapsed=2.798058 ms qpu=2.7013 ms
[c3] 9 r9: ok elapsed=2.799388 ms qpu=2.7013 ms
[c3] 12 r-1: ok elapsed=55.895829 ms qpu=54.3000 ms
[c3] 12 r0: ok elapsed=55.904619 ms qpu=54.3000 ms
[c3] 12 r1: ok elapsed=55.888149 ms qpu=54.3000 ms
[c3] 12 r2: ok elapsed=55.886079 ms qpu=54.3000 ms
[c3] 12 r3: ok elapsed=55.890079 ms qpu=54.3000 ms
[c3] 12 r4: ok elapsed=56.264673 ms qpu=54.3000 ms
[c3] 12 r5: ok elapsed=55.886349 ms qpu=54.3000 ms
[c3] 12 r6: ok elapsed=55.892139 ms qpu=54.3000 ms
[c3] 12 r7: ok elapsed=55.886299 ms qpu=54.3000 ms
[c3] 12 r8: ok elapsed=55.907749 ms qpu=54.3000 ms
[c3] 12 r9: ok elapsed=55.891909 ms qpu=54.3000 ms
[c3] 6 r-1: ok elapsed=12.570446 ms qpu=12.3515 ms
[c3] 6 r0: ok elapsed=12.572956 ms qpu=12.3515 ms
[c3] 6 r1: ok elapsed=12.560656 ms qpu=12.3515 ms
[c3] 6 r2: ok elapsed=12.578156 ms qpu=12.3515 ms
[c3] 6 r3: ok elapsed=12.563615 ms qpu=12.3515 ms
[c3] 6 r4: ok elapsed=12.566536 ms qpu=12.3515 ms
[c3] 6 r5: ok elapsed=12.557826 ms qpu=12.3515 ms
[c3] 6 r6: ok elapsed=12.562286 ms qpu=12.3515 ms
[c3] 6 r7: ok elapsed=12.555786 ms qpu=12.3515 ms
[c3] 6 r8: ok elapsed=12.565206 ms qpu=12.3515 ms
[c3] 6 r9: ok elapsed=12.556115 ms qpu=12.3515 ms
[c3] 5 r-1: ok elapsed=14.711867 ms qpu=14.4960 ms
[c3] 5 r0: ok elapsed=14.724207 ms qpu=14.4960 ms
[c3] 5 r1: ok elapsed=14.723057 ms qpu=14.4960 ms
[c3] 5 r2: ok elapsed=14.698277 ms qpu=14.4960 ms
[c3] 5 r3: ok elapsed=14.722377 ms qpu=14.4960 ms
[c3] 5 r4: ok elapsed=14.705237 ms qpu=14.4960 ms
[c3] 5 r5: ok elapsed=14.703178 ms qpu=14.4960 ms
[c3] 5 r6: ok elapsed=14.719807 ms qpu=14.4960 ms
[c3] 5 r7: ok elapsed=14.734767 ms qpu=14.4960 ms
[c3] 5 r8: ok elapsed=14.723257 ms qpu=14.4960 ms
[c3] 5 r9: ok elapsed=14.722567 ms qpu=14.4960 ms
[c3] 11 r-1: ok elapsed=19.604956 ms qpu=19.3761 ms
[c3] 11 r0: ok elapsed=19.607846 ms qpu=19.3761 ms
[c3] 11 r1: ok elapsed=19.602696 ms qpu=19.3761 ms
[c3] 11 r2: ok elapsed=19.610877 ms qpu=19.3761 ms
[c3] 11 r3: ok elapsed=19.617487 ms qpu=19.3761 ms
[c3] 11 r4: ok elapsed=19.600866 ms qpu=19.3761 ms
[c3] 11 r5: ok elapsed=19.616977 ms qpu=19.3761 ms
[c3] 11 r6: ok elapsed=19.607316 ms qpu=19.3761 ms
[c3] 11 r7: ok elapsed=19.607526 ms qpu=19.3761 ms
[c3] 11 r8: ok elapsed=19.610346 ms qpu=19.3761 ms
[c3] 11 r9: ok elapsed=19.608666 ms qpu=19.3761 ms
[c3] 20 r-1: ok elapsed=17.881379 ms qpu=17.6580 ms
[c3] 20 r0: ok elapsed=17.880559 ms qpu=17.6580 ms
[c3] 20 r1: ok elapsed=17.878069 ms qpu=17.6580 ms
[c3] 20 r2: ok elapsed=17.891809 ms qpu=17.6580 ms
[c3] 20 r3: ok elapsed=17.880029 ms qpu=17.6580 ms
[c3] 20 r4: ok elapsed=17.892469 ms qpu=17.6580 ms
[c3] 20 r5: ok elapsed=17.885079 ms qpu=17.6580 ms
[c3] 20 r6: ok elapsed=17.893449 ms qpu=17.6580 ms
[c3] 20 r7: ok elapsed=17.893329 ms qpu=17.6580 ms
[c3] 20 r8: ok elapsed=17.888489 ms qpu=17.6580 ms
[c3] 20 r9: ok elapsed=17.881989 ms qpu=17.6580 ms
[c3] 25 r-1: ok elapsed=17.761248 ms qpu=17.5309 ms
[c3] 25 r0: ok elapsed=18.083391 ms qpu=17.5309 ms
[c3] 25 r1: ok elapsed=17.753107 ms qpu=17.5309 ms
[c3] 25 r2: ok elapsed=17.753307 ms qpu=17.5309 ms
[c3] 25 r3: ok elapsed=17.757608 ms qpu=17.5309 ms
[c3] 25 r4: ok elapsed=17.751218 ms qpu=17.5309 ms
[c3] 25 r5: ok elapsed=17.753807 ms qpu=17.5309 ms
[c3] 25 r6: ok elapsed=17.754547 ms qpu=17.5309 ms
[c3] 25 r7: ok elapsed=17.751458 ms qpu=17.5309 ms
[c3] 25 r8: ok elapsed=17.753338 ms qpu=17.5309 ms
[c3] 25 r9: ok elapsed=17.98196 ms qpu=17.5309 ms
[c3] 8 r-1: ok elapsed=18.641136 ms qpu=18.4054 ms
[c3] 8 r0: ok elapsed=18.645466 ms qpu=18.4054 ms
[c3] 8 r1: ok elapsed=18.631417 ms qpu=18.4054 ms
[c3] 8 r2: ok elapsed=18.629476 ms qpu=18.4054 ms
[c3] 8 r3: ok elapsed=18.634446 ms qpu=18.4054 ms
[c3] 8 r4: ok elapsed=18.630067 ms qpu=18.4054 ms
[c3] 8 r5: ok elapsed=18.635946 ms qpu=18.4054 ms
[c3] 8 r6: ok elapsed=18.635486 ms qpu=18.4054 ms
[c3] 8 r7: ok elapsed=18.638336 ms qpu=18.4054 ms
[c3] 8 r8: ok elapsed=18.638096 ms qpu=18.4054 ms
[c3] 8 r9: ok elapsed=18.645137 ms qpu=18.4054 ms
[c3] 13 r-1: ok elapsed=13.374514 ms qpu=13.2360 ms
[c3] 13 r0: ok elapsed=13.378224 ms qpu=13.2360 ms
[c3] 13 r1: ok elapsed=13.373794 ms qpu=13.2360 ms
[c3] 13 r2: ok elapsed=13.376004 ms qpu=13.2360 ms
[c3] 13 r3: ok elapsed=13.457864 ms qpu=13.2360 ms
[c3] 13 r4: ok elapsed=13.395184 ms qpu=13.2360 ms
[c3] 13 r5: ok elapsed=13.373143 ms qpu=13.2360 ms
[c3] 13 r6: ok elapsed=13.372014 ms qpu=13.2360 ms
[c3] 13 r7: ok elapsed=13.375723 ms qpu=13.2360 ms
[c3] 13 r8: ok elapsed=13.371834 ms qpu=13.2360 ms
[c3] 13 r9: ok elapsed=13.368994 ms qpu=13.2360 ms
[c3] 7 r-1: ok elapsed=122.937879 ms qpu=121.6020 ms
[c3] 7 r0: ok elapsed=122.935029 ms qpu=121.6020 ms
[c3] 7 r1: ok elapsed=122.939449 ms qpu=121.6020 ms
[c3] 7 r2: ok elapsed=123.698947 ms qpu=121.6020 ms
[c3] 7 r3: ok elapsed=122.934319 ms qpu=121.6020 ms
[c3] 7 r4: ok elapsed=122.93994 ms qpu=121.6020 ms
[c3] 7 r5: ok elapsed=122.9335 ms qpu=121.6020 ms
[c3] 7 r6: ok elapsed=122.94276 ms qpu=121.6020 ms
[c3] 7 r7: ok elapsed=122.94227 ms qpu=121.6020 ms
[c3] 7 r8: ok elapsed=122.942669 ms qpu=121.6020 ms
[c3] 7 r9: ok elapsed=122.94199 ms qpu=121.6020 ms
[c3] 4 r-1: ok elapsed=9.139841 ms qpu=8.9400 ms
[c3] 4 r0: ok elapsed=9.133532 ms qpu=8.9400 ms
[c3] 4 r1: ok elapsed=9.142392 ms qpu=8.9400 ms
[c3] 4 r2: ok elapsed=9.131601 ms qpu=8.9400 ms
[c3] 4 r3: ok elapsed=9.132921 ms qpu=8.9400 ms
[c3] 4 r4: ok elapsed=9.131151 ms qpu=8.9400 ms
[c3] 4 r5: ok elapsed=9.134331 ms qpu=8.9400 ms
[c3] 4 r6: ok elapsed=9.138741 ms qpu=8.9400 ms
[c3] 4 r7: ok elapsed=9.134111 ms qpu=8.9400 ms
[c3] 4 r8: ok elapsed=9.146501 ms qpu=8.9400 ms
[c3] 4 r9: ok elapsed=9.129361 ms qpu=8.9400 ms
[c3] 3 r-1: ok elapsed=35.350543 ms qpu=34.3360 ms
[c3] 3 r0: ok elapsed=34.99891 ms qpu=34.3360 ms
[c3] 3 r1: ok elapsed=35.00303 ms qpu=34.3360 ms
[c3] 3 r2: ok elapsed=35.002601 ms qpu=34.3360 ms
[c3] 3 r3: ok elapsed=34.99641 ms qpu=34.3360 ms
[c3] 3 r4: ok elapsed=35.00994 ms qpu=34.3360 ms
[c3] 3 r5: ok elapsed=34.99898 ms qpu=34.3360 ms
[c3] 3 r6: ok elapsed=34.99845 ms qpu=34.3360 ms
[c3] 3 r7: ok elapsed=35.00294 ms qpu=34.3360 ms
[c3] 3 r8: ok elapsed=34.99689 ms qpu=34.3360 ms
[c3] 3 r9: ok elapsed=35.01227 ms qpu=34.3360 ms
[c3] 2 r-1: ok elapsed=97.296643 ms qpu=95.9611 ms
[c3] 2 r0: ok elapsed=97.284573 ms qpu=95.9611 ms
[c3] 2 r1: ok elapsed=97.291223 ms qpu=95.9611 ms
[c3] 2 r2: ok elapsed=97.293063 ms qpu=95.9611 ms
[c3] 2 r3: ok elapsed=97.291653 ms qpu=95.9611 ms
[c3] 2 r4: ok elapsed=97.461675 ms qpu=95.9611 ms
[c3] 2 r5: ok elapsed=97.289743 ms qpu=95.9611 ms
[c3] 2 r6: ok elapsed=97.286003 ms qpu=95.9611 ms
[c3] 2 r7: ok elapsed=97.291323 ms qpu=95.9611 ms
[c3] 2 r8: ok elapsed=97.295663 ms qpu=95.9611 ms
[c3] 2 r9: ok elapsed=97.291853 ms qpu=95.9611 ms
[c3] 1 r-1: ok elapsed=214.852159 ms qpu=210.9604 ms
[c3] 1 r0: ok elapsed=214.836689 ms qpu=210.9604 ms
[c3] 1 r1: ok elapsed=214.832878 ms qpu=210.9604 ms
[c3] 1 r2: ok elapsed=214.829718 ms qpu=210.9604 ms
[c3] 1 r3: ok elapsed=214.828929 ms qpu=210.9604 ms
[c3] 1 r4: ok elapsed=215.012301 ms qpu=210.9604 ms
[c3] 1 r5: ok elapsed=214.830358 ms qpu=210.9604 ms
[c3] 1 r6: ok elapsed=214.837929 ms qpu=210.9604 ms
[c3] 1 r7: ok elapsed=214.834449 ms qpu=210.9604 ms
[c3] 1 r8: ok elapsed=214.830269 ms qpu=210.9604 ms
[c3] 1 r9: ok elapsed=214.835419 ms qpu=210.9604 ms
[c3] 21 r-1: ok elapsed=434.119182 ms qpu=432.4000 ms
[c3] 21 r0: ok elapsed=434.097671 ms qpu=432.4000 ms
[c3] 21 r1: ok elapsed=434.094091 ms qpu=432.4000 ms
[c3] 21 r2: ok elapsed=434.100402 ms qpu=432.4000 ms
[c3] 21 r3: ok elapsed=434.094121 ms qpu=432.4000 ms
[c3] 21 r4: ok elapsed=434.100042 ms qpu=432.4000 ms
[c3] 21 r5: ok elapsed=434.094232 ms qpu=432.4000 ms
[c3] 21 r6: ok elapsed=434.098761 ms qpu=432.4000 ms
[c3] 21 r7: ok elapsed=434.093481 ms qpu=432.4000 ms
[c3] 21 r8: ok elapsed=434.101632 ms qpu=432.4000 ms
[c3] 21 r9: ok elapsed=434.097531 ms qpu=432.4000 ms
[c3] 23 r-1: ok elapsed=172.179143 ms qpu=171.4080 ms
[c3] 23 r0: ok elapsed=172.167402 ms qpu=171.4080 ms
[c3] 23 r1: ok elapsed=172.174682 ms qpu=171.4080 ms
[c3] 23 r2: ok elapsed=172.171252 ms qpu=171.4080 ms
[c3] 23 r3: ok elapsed=172.168632 ms qpu=171.4080 ms
[c3] 23 r4: ok elapsed=172.172922 ms qpu=171.4080 ms
[c3] 23 r5: ok elapsed=172.167222 ms qpu=171.4080 ms
[c3] 23 r6: ok elapsed=172.166562 ms qpu=171.4080 ms
[c3] 23 r7: ok elapsed=172.181782 ms qpu=171.4080 ms
[c3] 23 r8: ok elapsed=172.174992 ms qpu=171.4080 ms
[c3] 23 r9: ok elapsed=172.165792 ms qpu=171.4080 ms
[c3] 22 r-1: ok elapsed=20.275563 ms qpu=20.0496 ms
[c3] 22 r0: ok elapsed=20.274683 ms qpu=20.0496 ms
[c3] 22 r1: ok elapsed=20.270803 ms qpu=20.0496 ms
[c3] 22 r2: ok elapsed=20.277942 ms qpu=20.0496 ms
[c3] 22 r3: ok elapsed=20.272463 ms qpu=20.0496 ms
[c3] 22 r4: ok elapsed=20.268442 ms qpu=20.0496 ms
[c3] 22 r5: ok elapsed=20.282273 ms qpu=20.0496 ms
[c3] 22 r6: ok elapsed=20.734358 ms qpu=20.0496 ms
[c3] 22 r7: ok elapsed=20.274782 ms qpu=20.0496 ms
[c3] 22 r8: ok elapsed=20.275532 ms qpu=20.0496 ms
[c3] 22 r9: ok elapsed=20.265173 ms qpu=20.0496 ms
[c3] 19 r-1: ok elapsed=190.92297 ms qpu=190.1199 ms
[c3] 19 r0: ok elapsed=190.914219 ms qpu=190.1199 ms
[c3] 19 r1: ok elapsed=190.9163 ms qpu=190.1199 ms
[c3] 19 r2: ok elapsed=190.91423 ms qpu=190.1199 ms
[c3] 19 r3: ok elapsed=190.930709 ms qpu=190.1199 ms
[c3] 19 r4: ok elapsed=190.925139 ms qpu=190.1199 ms
[c3] 19 r5: ok elapsed=190.91209 ms qpu=190.1199 ms
[c3] 19 r6: ok elapsed=190.91457 ms qpu=190.1199 ms
[c3] 19 r7: ok elapsed=190.913919 ms qpu=190.1199 ms
[c3] 19 r8: ok elapsed=190.935629 ms qpu=190.1199 ms
[c3] 19 r9: ok elapsed=190.918719 ms qpu=190.1199 ms
[c3] 24 r-1: ok elapsed=61.136852 ms qpu=60.9034 ms
[c3] 24 r0: ok elapsed=61.142471 ms qpu=60.9034 ms
[c3] 24 r1: ok elapsed=61.137992 ms qpu=60.9034 ms
[c3] 24 r2: ok elapsed=61.145661 ms qpu=60.9034 ms
[c3] 24 r3: ok elapsed=61.145842 ms qpu=60.9034 ms
[c3] 24 r4: ok elapsed=61.142682 ms qpu=60.9034 ms
[c3] 24 r5: ok elapsed=61.96076 ms qpu=60.9034 ms
[c3] 24 r6: ok elapsed=61.145802 ms qpu=60.9034 ms
[c3] 24 r7: ok elapsed=61.146462 ms qpu=60.9034 ms
[c3] 24 r8: ok elapsed=61.138452 ms qpu=60.9034 ms
[c3] 24 r9: ok elapsed=61.139812 ms qpu=60.9034 ms
2026-09-03T22:39:05 poll 0 pass done; switching dma_server to STRM_POLL_US=200
2026-09-03T22:39:09 dma_server restarted with STRM_POLL_US=200: LISTEN 0      3            0.0.0.0:8080       0.0.0.0:*          
332821 /home/xilinx/software/scripts/dma_server

>>> Waiting for connection...
[c3] 10 r-1: ok elapsed=0.990269 ms qpu=0.8756 ms
[c3] 10 r0: ok elapsed=0.97682 ms qpu=0.8756 ms
[c3] 10 r1: ok elapsed=0.97522 ms qpu=0.8756 ms
[c3] 10 r2: ok elapsed=0.98109 ms qpu=0.8756 ms
[c3] 10 r3: ok elapsed=0.98308 ms qpu=0.8756 ms
[c3] 10 r4: ok elapsed=0.98191 ms qpu=0.8756 ms
[c3] 10 r5: ok elapsed=0.97814 ms qpu=0.8756 ms
[c3] 10 r6: ok elapsed=0.974309 ms qpu=0.8756 ms
[c3] 10 r7: ok elapsed=0.98179 ms qpu=0.8756 ms
[c3] 10 r8: ok elapsed=0.9968 ms qpu=0.8756 ms
[c3] 10 r9: ok elapsed=0.97737 ms qpu=0.8756 ms
[c3] 9 r-1: ok elapsed=2.800928 ms qpu=2.7013 ms
[c3] 9 r0: ok elapsed=2.802248 ms qpu=2.7013 ms
[c3] 9 r1: ok elapsed=2.803218 ms qpu=2.7013 ms
[c3] 9 r2: ok elapsed=2.801488 ms qpu=2.7013 ms
[c3] 9 r3: ok elapsed=2.797598 ms qpu=2.7013 ms
[c3] 9 r4: ok elapsed=2.799948 ms qpu=2.7013 ms
[c3] 9 r5: ok elapsed=2.806288 ms qpu=2.7013 ms
[c3] 9 r6: ok elapsed=2.803098 ms qpu=2.7013 ms
[c3] 9 r7: ok elapsed=2.795678 ms qpu=2.7013 ms
[c3] 9 r8: ok elapsed=2.800468 ms qpu=2.7013 ms
[c3] 9 r9: ok elapsed=2.814199 ms qpu=2.7013 ms
[c3] 12 r-1: ok elapsed=55.885649 ms qpu=54.3000 ms
[c3] 12 r0: ok elapsed=55.892599 ms qpu=54.3000 ms
[c3] 12 r1: ok elapsed=55.891889 ms qpu=54.3000 ms
[c3] 12 r2: ok elapsed=56.00874 ms qpu=54.3000 ms
[c3] 12 r3: ok elapsed=55.893509 ms qpu=54.3000 ms
[c3] 12 r4: ok elapsed=55.891959 ms qpu=54.3000 ms
[c3] 12 r5: ok elapsed=55.887989 ms qpu=54.3000 ms
[c3] 12 r6: ok elapsed=55.891439 ms qpu=54.3000 ms
[c3] 12 r7: ok elapsed=55.888509 ms qpu=54.3000 ms
[c3] 12 r8: ok elapsed=55.902859 ms qpu=54.3000 ms
[c3] 12 r9: ok elapsed=55.888739 ms qpu=54.3000 ms
2026-09-03T22:39:17 DECOMP DONE (board left at STRM_POLL_US=200)
