Copyright 1986-2022 Xilinx, Inc. All Rights Reserved.
-----------------------------------------------------------------------------------------------------
| Tool Version : Vivado v.2022.1 (lin64) Build 3526262 Mon Apr 18 15:47:01 MDT 2022
| Date         : Sat Aug 29 03:20:15 2026
| Host         : (removed)
| Command      : report_utilization -file psbd_utilization_placed.rpt -pb psbd_utilization_placed.pb
| Design       : psbd
| Device       : xczu49dr-ffvf1760-2-e
| Speed File   : -2
| Design State : Fully Placed
-----------------------------------------------------------------------------------------------------

Utilization Design Information

Table of Contents
-----------------
1. CLB Logic
1.1 Summary of Registers by Type
2. CLB Logic Distribution
3. BLOCKRAM
4. ARITHMETIC
5. I/O
6. CLOCK
7. ADVANCED
8. CONFIGURATION
9. Primitives
10. Black Boxes
11. Instantiated Netlists

1. CLB Logic
------------

+----------------------------+--------+-------+------------+-----------+-------+
|          Site Type         |  Used  | Fixed | Prohibited | Available | Util% |
+----------------------------+--------+-------+------------+-----------+-------+
| CLB LUTs                   | 116194 |     0 |          0 |    425280 | 27.32 |
|   LUT as Logic             |  91288 |     0 |          0 |    425280 | 21.47 |
|   LUT as Memory            |  24906 |     0 |          0 |    213600 | 11.66 |
|     LUT as Distributed RAM |   2146 |     0 |            |           |       |
|     LUT as Shift Register  |  22760 |     0 |            |           |       |
| CLB Registers              | 221925 |     2 |          0 |    850560 | 26.09 |
|   Register as Flip Flop    | 221924 |     2 |          0 |    850560 | 26.09 |
|   Register as Latch        |      0 |     0 |          0 |    850560 |  0.00 |
|   Register as AND/OR       |      1 |     0 |          0 |    850560 | <0.01 |
| CARRY8                     |   7826 |     0 |          0 |     53160 | 14.72 |
| F7 Muxes                   |   1315 |     0 |          0 |    212640 |  0.62 |
| F8 Muxes                   |    337 |     0 |          0 |    106320 |  0.32 |
| F9 Muxes                   |      0 |     0 |          0 |     53160 |  0.00 |
+----------------------------+--------+-------+------------+-----------+-------+


1.1 Summary of Registers by Type
--------------------------------

+--------+--------------+-------------+--------------+
|  Total | Clock Enable | Synchronous | Asynchronous |
+--------+--------------+-------------+--------------+
| 1      |            _ |           - |            - |
| 0      |            _ |           - |          Set |
| 0      |            _ |           - |        Reset |
| 0      |            _ |         Set |            - |
| 0      |            _ |       Reset |            - |
| 0      |          Yes |           - |            - |
| 726    |          Yes |           - |          Set |
| 2409   |          Yes |           - |        Reset |
| 1259   |          Yes |         Set |            - |
| 217530 |          Yes |       Reset |            - |
+--------+--------------+-------------+--------------+


2. CLB Logic Distribution
-------------------------

+--------------------------------------------+--------+-------+------------+-----------+-------+
|                  Site Type                 |  Used  | Fixed | Prohibited | Available | Util% |
+--------------------------------------------+--------+-------+------------+-----------+-------+
| CLB                                        |  32237 |     0 |          0 |     53160 | 60.64 |
|   CLBL                                     |  14370 |     0 |            |           |       |
|   CLBM                                     |  17867 |     0 |            |           |       |
| LUT as Logic                               |  91288 |     0 |          0 |    425280 | 21.47 |
|   using O5 output only                     |   1078 |       |            |           |       |
|   using O6 output only                     |  79424 |       |            |           |       |
|   using O5 and O6                          |  10786 |       |            |           |       |
| LUT as Memory                              |  24906 |     0 |          0 |    213600 | 11.66 |
|   LUT as Distributed RAM                   |   2146 |     0 |            |           |       |
|     using O5 output only                   |      0 |       |            |           |       |
|     using O6 output only                   |      6 |       |            |           |       |
|     using O5 and O6                        |   2140 |       |            |           |       |
|   LUT as Shift Register                    |  22760 |     0 |            |           |       |
|     using O5 output only                   |      0 |       |            |           |       |
|     using O6 output only                   |  16525 |       |            |           |       |
|     using O5 and O6                        |   6235 |       |            |           |       |
| CLB Registers                              | 221925 |     0 |          0 |    850560 | 26.09 |
|   Register driven from within the CLB      | 100451 |       |            |           |       |
|   Register driven from outside the CLB     | 121474 |       |            |           |       |
|     LUT in front of the register is unused | 103093 |       |            |           |       |
|     LUT in front of the register is used   |  18381 |       |            |           |       |
| Unique Control Sets                        |   2739 |       |          0 |    106320 |  2.58 |
+--------------------------------------------+--------+-------+------------+-----------+-------+
* * Note: Available Control Sets calculated as Slices * 2, Review the Control Sets Report for more information regarding control sets.


3. BLOCKRAM
-----------

+-------------------+------+-------+------------+-----------+-------+
|     Site Type     | Used | Fixed | Prohibited | Available | Util% |
+-------------------+------+-------+------------+-----------+-------+
| Block RAM Tile    |  659 |     0 |          0 |      1080 | 61.02 |
|   RAMB36/FIFO*    |  658 |     0 |          0 |      1080 | 60.93 |
|     RAMB36E2 only |  658 |       |            |           |       |
|   RAMB18          |    2 |     0 |          0 |      2160 |  0.09 |
|     RAMB18E2 only |    2 |       |            |           |       |
| URAM              |    0 |     0 |          0 |        80 |  0.00 |
+-------------------+------+-------+------------+-----------+-------+
* Note: Each Block RAM Tile only has one FIFO logic available and therefore can accommodate only one FIFO36E2 or one FIFO18E2. However, if a FIFO18E2 occupies a Block RAM Tile, that tile can still accommodate a RAMB18E2


4. ARITHMETIC
-------------

+----------------+------+-------+------------+-----------+-------+
|    Site Type   | Used | Fixed | Prohibited | Available | Util% |
+----------------+------+-------+------------+-----------+-------+
| DSPs           | 2873 |     0 |          0 |      4272 | 67.25 |
|   DSP48E2 only | 2873 |       |            |           |       |
+----------------+------+-------+------------+-----------+-------+


5. I/O
------

+------------------+------+-------+------------+-----------+-------+
|     Site Type    | Used | Fixed | Prohibited | Available | Util% |
+------------------+------+-------+------------+-----------+-------+
| Bonded IOB       |  125 |   125 |          0 |       408 | 30.64 |
| HPIOB_M          |   41 |    41 |          0 |       144 | 28.47 |
|   INPUT          |    1 |       |            |           |       |
|   OUTPUT         |   16 |       |            |           |       |
|   BIDIR          |   24 |       |            |           |       |
| HPIOB_S          |   46 |    46 |          0 |       144 | 31.94 |
|   INPUT          |    1 |       |            |           |       |
|   OUTPUT         |   25 |       |            |           |       |
|   BIDIR          |   20 |       |            |           |       |
| HDIOB_M          |   15 |    15 |          0 |        48 | 31.25 |
|   INPUT          |    4 |       |            |           |       |
|   OUTPUT         |    3 |       |            |           |       |
|   BIDIR          |    8 |       |            |           |       |
| HDIOB_S          |   15 |    15 |          0 |        48 | 31.25 |
|   INPUT          |    4 |       |            |           |       |
|   OUTPUT         |    2 |       |            |           |       |
|   BIDIR          |    9 |       |            |           |       |
| HPIOB_SNGL       |    8 |     8 |          0 |        24 | 33.33 |
|   INPUT          |    0 |       |            |           |       |
|   OUTPUT         |    8 |       |            |           |       |
|   BIDIR          |    0 |       |            |           |       |
| HPIOBDIFFINBUF   |    5 |     5 |          0 |       192 |  2.60 |
|   DIFFINBUF      |    5 |     5 |            |           |       |
| HPIOBDIFFOUTBUF  |    0 |     0 |          0 |       192 |  0.00 |
| HDIOBDIFFINBUF   |    4 |     4 |          0 |        72 |  5.56 |
|   DIFFINBUF      |    4 |     4 |            |           |       |
| BITSLICE_CONTROL |   15 |     0 |          0 |        64 | 23.44 |
| BITSLICE_RX_TX   |   67 |    67 |          0 |      2496 |  2.68 |
|   RXTX_BITSLICE  |   67 |    67 |            |           |       |
| BITSLICE_TX      |   15 |     0 |          0 |        64 | 23.44 |
| RIU_OR           |    8 |     0 |          0 |        32 | 25.00 |
| RF_ADC           |    0 |     0 |          4 |         4 |  0.00 |
| RF_DAC           |    0 |     0 |          4 |         4 |  0.00 |
+------------------+------+-------+------------+-----------+-------+


6. CLOCK
--------

+----------------------+------+-------+------------+-----------+-------+
|       Site Type      | Used | Fixed | Prohibited | Available | Util% |
+----------------------+------+-------+------------+-----------+-------+
| GLOBAL CLOCK BUFFERs |   11 |     0 |          0 |       696 |  1.58 |
|   BUFGCE             |   10 |     0 |          0 |       216 |  4.63 |
|   BUFGCE_DIV         |    0 |     0 |          0 |        32 |  0.00 |
|   BUFG_GT            |    0 |     0 |          0 |       312 |  0.00 |
|   BUFG_PS            |    1 |     0 |          0 |        72 |  1.39 |
|   BUFGCTRL*          |    0 |     0 |          0 |        64 |  0.00 |
| PLL                  |    2 |     0 |          0 |        16 | 12.50 |
| MMCM                 |    1 |     1 |          0 |         8 | 12.50 |
+----------------------+------+-------+------------+-----------+-------+
* Note: Each used BUFGCTRL counts as two GLOBAL CLOCK BUFFERs. This table does not include global clocking resources, only buffer cell usage. See the Clock Utilization Report (report_clock_utilization) for detailed accounting of global clocking resource availability.


7. ADVANCED
-----------

+-----------------+------+-------+------------+-----------+--------+
|    Site Type    | Used | Fixed | Prohibited | Available |  Util% |
+-----------------+------+-------+------------+-----------+--------+
| CMACE4          |    0 |     0 |          0 |         2 |   0.00 |
| GTYE4_CHANNEL   |    0 |     0 |          0 |        16 |   0.00 |
| GTYE4_COMMON    |    0 |     0 |          0 |         4 |   0.00 |
| ILKNE4          |    0 |     0 |          0 |         1 |   0.00 |
| OBUFDS_GTE4     |    0 |     0 |          0 |         8 |   0.00 |
| OBUFDS_GTE4_ADV |    0 |     0 |          0 |         8 |   0.00 |
| PCIE4CE4        |    0 |     0 |          0 |         2 |   0.00 |
| PS8             |    1 |     0 |          0 |         1 | 100.00 |
| RFADC           |    4 |     4 |          0 |         4 | 100.00 |
| RFDAC           |    4 |     4 |          0 |         4 | 100.00 |
| SYSMONE4        |    0 |     0 |          0 |         1 |   0.00 |
+-----------------+------+-------+------------+-----------+--------+


8. CONFIGURATION
----------------

+-------------+------+-------+------------+-----------+-------+
|  Site Type  | Used | Fixed | Prohibited | Available | Util% |
+-------------+------+-------+------------+-----------+-------+
| BSCANE2     |    1 |     0 |          0 |         4 | 25.00 |
| DNA_PORTE2  |    0 |     0 |          0 |         1 |  0.00 |
| EFUSE_USR   |    0 |     0 |          0 |         1 |  0.00 |
| FRAME_ECCE4 |    0 |     0 |          0 |         1 |  0.00 |
| ICAPE3      |    0 |     0 |          0 |         2 |  0.00 |
| MASTER_JTAG |    0 |     0 |          0 |         1 |  0.00 |
| STARTUPE3   |    0 |     0 |          0 |         1 |  0.00 |
+-------------+------+-------+------------+-----------+-------+


9. Primitives
-------------

+------------------+--------+---------------------+
|     Ref Name     |  Used  | Functional Category |
+------------------+--------+---------------------+
| FDRE             | 217530 |            Register |
| LUT3             |  33116 |                 CLB |
| LUT2             |  26675 |                 CLB |
| LUT6             |  20569 |                 CLB |
| SRLC32E          |  15665 |                 CLB |
| SRL16E           |  13330 |                 CLB |
| LUT5             |  10075 |                 CLB |
| CARRY8           |   7826 |                 CLB |
| LUT4             |   7692 |                 CLB |
| LUT1             |   3947 |                 CLB |
| RAMD32           |   3604 |                 CLB |
| DSP48E2          |   2873 |          Arithmetic |
| FDCE             |   2409 |            Register |
| MUXF7            |   1315 |                 CLB |
| FDSE             |   1259 |            Register |
| FDPE             |    726 |            Register |
| RAMS32           |    682 |                 CLB |
| RAMB36E2         |    658 |            BLOCKRAM |
| MUXF8            |    337 |                 CLB |
| OBUF             |     68 |                 I/O |
| RXTX_BITSLICE    |     67 |                 I/O |
| IBUFCTRL         |     48 |              Others |
| INBUF            |     39 |                 I/O |
| OBUFT_DCIEN      |     36 |                 I/O |
| TX_BITSLICE_TRI  |     15 |                 I/O |
| BITSLICE_CONTROL |     15 |                 I/O |
| OBUFT            |     10 |                 I/O |
| BUFGCE           |     10 |               Clock |
| DIFFINBUF        |      9 |                 I/O |
| RIU_OR           |      8 |                 I/O |
| INV              |      5 |                 CLB |
| RFDAC            |      4 |            Advanced |
| RFADC            |      4 |            Advanced |
| HPIO_VREF        |      4 |                 I/O |
| RAMB18E2         |      2 |            BLOCKRAM |
| PLLE4_ADV        |      2 |               Clock |
| PS8              |      1 |            Advanced |
| MMCME4_ADV       |      1 |               Clock |
| BUFG_PS          |      1 |               Clock |
| BSCANE2          |      1 |       Configuration |
| AND2B1L          |      1 |              Others |
+------------------+--------+---------------------+


10. Black Boxes
---------------

+----------+------+
| Ref Name | Used |
+----------+------+


11. Instantiated Netlists
-------------------------

+------------------------------+------+
|           Ref Name           | Used |
+------------------------------+------+
| psbd_zynq_ultra_ps_e_0_0     |    1 |
| psbd_xbar_1                  |    1 |
| psbd_xbar_0                  |    1 |
| psbd_rf_data_converter_0     |    1 |
| psbd_reset_1_0               |    1 |
| psbd_reset_0_0               |    1 |
| psbd_proc_sys_reset_1_0      |    1 |
| psbd_proc_sys_reset_0_0      |    1 |
| psbd_plps_0_0                |    1 |
| psbd_mmu_tag_top_0_0         |    1 |
| psbd_dspregs_0               |    1 |
| psbd_ddr4_0_0_phy            |    1 |
| psbd_ddr4_0_0                |    1 |
| psbd_data_tagger_top_0_0     |    1 |
| psbd_cfgregs_0               |    1 |
| psbd_bramctrl_0              |    1 |
| psbd_axi_smc_2_0             |    1 |
| psbd_axi_smc_1_0             |    1 |
| psbd_axi_lite_ctrl_0_0       |    1 |
| psbd_axi_intc_0_0            |    1 |
| psbd_axi_dma_0_0             |    1 |
| psbd_axi_clock_converter_0_0 |    1 |
| psbd_auto_pc_1               |    1 |
| psbd_auto_pc_0               |    1 |
| psbd_auto_ds_0               |    1 |
| psbd_auto_cc_3               |    1 |
| psbd_auto_cc_2               |    1 |
| psbd_auto_cc_1               |    1 |
| psbd_auto_cc_0               |    1 |
| dbg_hub                      |    1 |
+------------------------------+------+


