Copyright 1986-2022 Xilinx, Inc. All Rights Reserved.
-----------------------------------------------------------------------------------------------------
| Tool Version : Vivado v.2022.1 (lin64) Build 3526262 Mon Apr 18 15:47:01 MDT 2022
| Date         : Sat Sep 19 16:30:20 2026
| Host         : (removed)
| Command      : report_utilization -file psbd_utilization_placed.rpt -pb psbd_utilization_placed.pb
| Design       : psbd
| Device       : xczu49dr-ffvf1760-2-e
| Speed File   : -2
| Design State : Fully Placed
-----------------------------------------------------------------------------------------------------

Utilization Design Information

Table of Contents
-----------------
1. CLB Logic
1.1 Summary of Registers by Type
2. CLB Logic Distribution
3. BLOCKRAM
4. ARITHMETIC
5. I/O
6. CLOCK
7. ADVANCED
8. CONFIGURATION
9. Primitives
10. Black Boxes
11. Instantiated Netlists

1. CLB Logic
------------

+----------------------------+--------+-------+------------+-----------+-------+
|          Site Type         |  Used  | Fixed | Prohibited | Available | Util% |
+----------------------------+--------+-------+------------+-----------+-------+
| CLB LUTs                   | 137558 |     2 |          0 |    425280 | 32.35 |
|   LUT as Logic             | 107304 |     2 |          0 |    425280 | 25.23 |
|   LUT as Memory            |  30254 |     0 |          0 |    213600 | 14.16 |
|     LUT as Distributed RAM |   6016 |     0 |            |           |       |
|     LUT as Shift Register  |  24238 |     0 |            |           |       |
| CLB Registers              | 254541 |     4 |          0 |    850560 | 29.93 |
|   Register as Flip Flop    | 254539 |     4 |          0 |    850560 | 29.93 |
|   Register as Latch        |      0 |     0 |          0 |    850560 |  0.00 |
|   Register as AND/OR       |      2 |     0 |          0 |    850560 | <0.01 |
| CARRY8                     |   7893 |     0 |          0 |     53160 | 14.85 |
| F7 Muxes                   |   1361 |     0 |          0 |    212640 |  0.64 |
| F8 Muxes                   |     81 |     0 |          0 |    106320 |  0.08 |
| F9 Muxes                   |      0 |     0 |          0 |     53160 |  0.00 |
+----------------------------+--------+-------+------------+-----------+-------+


1.1 Summary of Registers by Type
--------------------------------

+--------+--------------+-------------+--------------+
|  Total | Clock Enable | Synchronous | Asynchronous |
+--------+--------------+-------------+--------------+
| 2      |            _ |           - |            - |
| 0      |            _ |           - |          Set |
| 0      |            _ |           - |        Reset |
| 0      |            _ |         Set |            - |
| 0      |            _ |       Reset |            - |
| 0      |          Yes |           - |            - |
| 892    |          Yes |           - |          Set |
| 8185   |          Yes |           - |        Reset |
| 1794   |          Yes |         Set |            - |
| 243668 |          Yes |       Reset |            - |
+--------+--------------+-------------+--------------+


2. CLB Logic Distribution
-------------------------

+--------------------------------------------+--------+-------+------------+-----------+-------+
|                  Site Type                 |  Used  | Fixed | Prohibited | Available | Util% |
+--------------------------------------------+--------+-------+------------+-----------+-------+
| CLB                                        |  36406 |     0 |          0 |     53160 | 68.48 |
|   CLBL                                     |  16883 |     0 |            |           |       |
|   CLBM                                     |  19523 |     0 |            |           |       |
| LUT as Logic                               | 107304 |     2 |          0 |    425280 | 25.23 |
|   using O5 output only                     |   1518 |       |            |           |       |
|   using O6 output only                     |  91029 |       |            |           |       |
|   using O5 and O6                          |  14757 |       |            |           |       |
| LUT as Memory                              |  30254 |     0 |          0 |    213600 | 14.16 |
|   LUT as Distributed RAM                   |   6016 |     0 |            |           |       |
|     using O5 output only                   |      0 |       |            |           |       |
|     using O6 output only                   |   2372 |       |            |           |       |
|     using O5 and O6                        |   3644 |       |            |           |       |
|   LUT as Shift Register                    |  24238 |     0 |            |           |       |
|     using O5 output only                   |      0 |       |            |           |       |
|     using O6 output only                   |  17949 |       |            |           |       |
|     using O5 and O6                        |   6289 |       |            |           |       |
| CLB Registers                              | 254541 |     0 |          0 |    850560 | 29.93 |
|   Register driven from within the CLB      | 113888 |       |            |           |       |
|   Register driven from outside the CLB     | 140653 |       |            |           |       |
|     LUT in front of the register is unused | 115021 |       |            |           |       |
|     LUT in front of the register is used   |  25632 |       |            |           |       |
| Unique Control Sets                        |   3937 |       |          0 |    106320 |  3.70 |
+--------------------------------------------+--------+-------+------------+-----------+-------+
* * Note: Available Control Sets calculated as Slices * 2, Review the Control Sets Report for more information regarding control sets.


3. BLOCKRAM
-----------

+-------------------+------+-------+------------+-----------+-------+
|     Site Type     | Used | Fixed | Prohibited | Available | Util% |
+-------------------+------+-------+------------+-----------+-------+
| Block RAM Tile    |  777 |     0 |          0 |      1080 | 71.94 |
|   RAMB36/FIFO*    |  767 |     0 |          0 |      1080 | 71.02 |
|     RAMB36E2 only |  767 |       |            |           |       |
|   RAMB18          |   20 |     0 |          0 |      2160 |  0.93 |
|     RAMB18E2 only |   20 |       |            |           |       |
| URAM              |    0 |     0 |          0 |        80 |  0.00 |
+-------------------+------+-------+------------+-----------+-------+
* Note: Each Block RAM Tile only has one FIFO logic available and therefore can accommodate only one FIFO36E2 or one FIFO18E2. However, if a FIFO18E2 occupies a Block RAM Tile, that tile can still accommodate a RAMB18E2


4. ARITHMETIC
-------------

+----------------+------+-------+------------+-----------+-------+
|    Site Type   | Used | Fixed | Prohibited | Available | Util% |
+----------------+------+-------+------------+-----------+-------+
| DSPs           | 2876 |     0 |          0 |      4272 | 67.32 |
|   DSP48E2 only | 2876 |       |            |           |       |
+----------------+------+-------+------------+-----------+-------+


5. I/O
------

+------------------+------+-------+------------+-----------+-------+
|     Site Type    | Used | Fixed | Prohibited | Available | Util% |
+------------------+------+-------+------------+-----------+-------+
| Bonded IOB       |  193 |   193 |          0 |       408 | 47.30 |
| HPIOB_M          |   80 |    80 |          0 |       144 | 55.56 |
|   INPUT          |    2 |       |            |           |       |
|   OUTPUT         |   30 |       |            |           |       |
|   BIDIR          |   48 |       |            |           |       |
| HPIOB_S          |   77 |    77 |          0 |       144 | 53.47 |
|   INPUT          |    2 |       |            |           |       |
|   OUTPUT         |   35 |       |            |           |       |
|   BIDIR          |   40 |       |            |           |       |
| HDIOB_M          |   15 |    15 |          0 |        48 | 31.25 |
|   INPUT          |    4 |       |            |           |       |
|   OUTPUT         |    3 |       |            |           |       |
|   BIDIR          |    8 |       |            |           |       |
| HDIOB_S          |   15 |    15 |          0 |        48 | 31.25 |
|   INPUT          |    4 |       |            |           |       |
|   OUTPUT         |    2 |       |            |           |       |
|   BIDIR          |    9 |       |            |           |       |
| HPIOB_SNGL       |    6 |     6 |          0 |        24 | 25.00 |
|   INPUT          |    0 |       |            |           |       |
|   OUTPUT         |    6 |       |            |           |       |
|   BIDIR          |    0 |       |            |           |       |
| HPIOBDIFFINBUF   |   10 |    10 |          0 |       192 |  5.21 |
|   DIFFINBUF      |   10 |    10 |            |           |       |
| HPIOBDIFFOUTBUF  |    0 |     0 |          0 |       192 |  0.00 |
| HDIOBDIFFINBUF   |    4 |     4 |          0 |        72 |  5.56 |
|   DIFFINBUF      |    4 |     4 |            |           |       |
| BITSLICE_CONTROL |   30 |     0 |          0 |        64 | 46.88 |
| BITSLICE_RX_TX   |  134 |   134 |          0 |      2496 |  5.37 |
|   RXTX_BITSLICE  |  134 |   134 |            |           |       |
| BITSLICE_TX      |   30 |     0 |          0 |        64 | 46.88 |
| RIU_OR           |   16 |     0 |          0 |        32 | 50.00 |
| RF_ADC           |    0 |     0 |          4 |         4 |  0.00 |
| RF_DAC           |    0 |     0 |          4 |         4 |  0.00 |
+------------------+------+-------+------------+-----------+-------+


6. CLOCK
--------

+----------------------+------+-------+------------+-----------+-------+
|       Site Type      | Used | Fixed | Prohibited | Available | Util% |
+----------------------+------+-------+------------+-----------+-------+
| GLOBAL CLOCK BUFFERs |   14 |     0 |          0 |       696 |  2.01 |
|   BUFGCE             |   13 |     0 |          0 |       216 |  6.02 |
|   BUFGCE_DIV         |    0 |     0 |          0 |        32 |  0.00 |
|   BUFG_GT            |    0 |     0 |          0 |       312 |  0.00 |
|   BUFG_PS            |    1 |     0 |          0 |        72 |  1.39 |
|   BUFGCTRL*          |    0 |     0 |          0 |        64 |  0.00 |
| PLL                  |    4 |     0 |          0 |        16 | 25.00 |
| MMCM                 |    2 |     2 |          0 |         8 | 25.00 |
+----------------------+------+-------+------------+-----------+-------+
* Note: Each used BUFGCTRL counts as two GLOBAL CLOCK BUFFERs. This table does not include global clocking resources, only buffer cell usage. See the Clock Utilization Report (report_clock_utilization) for detailed accounting of global clocking resource availability.


7. ADVANCED
-----------

+-----------------+------+-------+------------+-----------+--------+
|    Site Type    | Used | Fixed | Prohibited | Available |  Util% |
+-----------------+------+-------+------------+-----------+--------+
| CMACE4          |    0 |     0 |          0 |         2 |   0.00 |
| GTYE4_CHANNEL   |    0 |     0 |          0 |        16 |   0.00 |
| GTYE4_COMMON    |    0 |     0 |          0 |         4 |   0.00 |
| ILKNE4          |    0 |     0 |          0 |         1 |   0.00 |
| OBUFDS_GTE4     |    0 |     0 |          0 |         8 |   0.00 |
| OBUFDS_GTE4_ADV |    0 |     0 |          0 |         8 |   0.00 |
| PCIE4CE4        |    0 |     0 |          0 |         2 |   0.00 |
| PS8             |    1 |     0 |          0 |         1 | 100.00 |
| RFADC           |    4 |     4 |          0 |         4 | 100.00 |
| RFDAC           |    4 |     4 |          0 |         4 | 100.00 |
| SYSMONE4        |    0 |     0 |          0 |         1 |   0.00 |
+-----------------+------+-------+------------+-----------+--------+


8. CONFIGURATION
----------------

+-------------+------+-------+------------+-----------+-------+
|  Site Type  | Used | Fixed | Prohibited | Available | Util% |
+-------------+------+-------+------------+-----------+-------+
| BSCANE2     |    1 |     0 |          0 |         4 | 25.00 |
| DNA_PORTE2  |    0 |     0 |          0 |         1 |  0.00 |
| EFUSE_USR   |    0 |     0 |          0 |         1 |  0.00 |
| FRAME_ECCE4 |    0 |     0 |          0 |         1 |  0.00 |
| ICAPE3      |    0 |     0 |          0 |         2 |  0.00 |
| MASTER_JTAG |    0 |     0 |          0 |         1 |  0.00 |
| STARTUPE3   |    0 |     0 |          0 |         1 |  0.00 |
+-------------+------+-------+------------+-----------+-------+


9. Primitives
-------------

+------------------+--------+---------------------+
|     Ref Name     |  Used  | Functional Category |
+------------------+--------+---------------------+
| FDRE             | 243668 |            Register |
| LUT3             |  37478 |                 CLB |
| LUT2             |  28440 |                 CLB |
| LUT6             |  27098 |                 CLB |
| SRLC32E          |  16949 |                 CLB |
| LUT5             |  13757 |                 CLB |
| SRL16E           |  13578 |                 CLB |
| LUT4             |  10976 |                 CLB |
| FDCE             |   8185 |            Register |
| CARRY8           |   7893 |                 CLB |
| RAMD32           |   6120 |                 CLB |
| LUT1             |   4312 |                 CLB |
| DSP48E2          |   2876 |          Arithmetic |
| RAMD64E          |   2368 |                 CLB |
| FDSE             |   1794 |            Register |
| MUXF7            |   1361 |                 CLB |
| RAMS32           |   1172 |                 CLB |
| FDPE             |    892 |            Register |
| RAMB36E2         |    767 |            BLOCKRAM |
| RXTX_BITSLICE    |    134 |                 I/O |
| OBUF             |     90 |                 I/O |
| IBUFCTRL         |     89 |              Others |
| MUXF8            |     81 |                 CLB |
| INBUF            |     75 |                 I/O |
| OBUFT_DCIEN      |     72 |                 I/O |
| TX_BITSLICE_TRI  |     30 |                 I/O |
| BITSLICE_CONTROL |     30 |                 I/O |
| RAMB18E2         |     20 |            BLOCKRAM |
| OBUFT            |     18 |                 I/O |
| RIU_OR           |     16 |                 I/O |
| DIFFINBUF        |     14 |                 I/O |
| BUFGCE           |     13 |               Clock |
| INV              |     10 |                 CLB |
| HPIO_VREF        |      8 |                 I/O |
| RFDAC            |      4 |            Advanced |
| RFADC            |      4 |            Advanced |
| PLLE4_ADV        |      4 |               Clock |
| MMCME4_ADV       |      2 |               Clock |
| AND2B1L          |      2 |              Others |
| PS8              |      1 |            Advanced |
| BUFG_PS          |      1 |               Clock |
| BSCANE2          |      1 |       Configuration |
+------------------+--------+---------------------+


10. Black Boxes
---------------

+----------+------+
| Ref Name | Used |
+----------+------+


11. Instantiated Netlists
-------------------------

+------------------------------+------+
|           Ref Name           | Used |
+------------------------------+------+
| psbd_zynq_ultra_ps_e_0_0     |    1 |
| psbd_xbar_1                  |    1 |
| psbd_xbar_0                  |    1 |
| psbd_s00_mmu_0               |    1 |
| psbd_rf_data_converter_0     |    1 |
| psbd_reset_2_0               |    1 |
| psbd_reset_1_0               |    1 |
| psbd_proc_sys_reset_2_0      |    1 |
| psbd_proc_sys_reset_1_0      |    1 |
| psbd_plps_0_0                |    1 |
| psbd_dspregs_0               |    1 |
| psbd_ddr4_1_0_phy            |    1 |
| psbd_ddr4_1_0                |    1 |
| psbd_ddr4_0_0_phy            |    1 |
| psbd_ddr4_0_0                |    1 |
| psbd_cfgregs_0               |    1 |
| psbd_bramctrl_0              |    1 |
| psbd_axi_smc_s2mm_0          |    1 |
| psbd_axi_smc_readout_0       |    1 |
| psbd_axi_smc_mm2s_0          |    1 |
| psbd_axi_smc_cmd_0           |    1 |
| psbd_axi_lite_ctrl_0_0       |    1 |
| psbd_axi_intc_0_0            |    1 |
| psbd_axi_dma_0_0             |    1 |
| psbd_axi_clock_converter_0_0 |    1 |
| psbd_auto_pc_1               |    1 |
| psbd_auto_pc_0               |    1 |
| psbd_auto_ds_0               |    1 |
| psbd_auto_cc_3               |    1 |
| psbd_auto_cc_2               |    1 |
| psbd_auto_cc_1               |    1 |
| psbd_auto_cc_0               |    1 |
| dbg_hub                      |    1 |
+------------------------------+------+


