Copyright 1986-2022 Xilinx, Inc. All Rights Reserved.
-----------------------------------------------------------------------------------------------------
| Tool Version : Vivado v.2022.1 (lin64) Build 3526262 Mon Apr 18 15:47:01 MDT 2022
| Date         : Thu Sep 24 00:23:30 2026
| Host         : (removed)
| Command      : report_utilization -file psbd_utilization_placed.rpt -pb psbd_utilization_placed.pb
| Design       : psbd
| Device       : xczu49dr-ffvf1760-2-e
| Speed File   : -2
| Design State : Fully Placed
-----------------------------------------------------------------------------------------------------

Utilization Design Information

Table of Contents
-----------------
1. CLB Logic
1.1 Summary of Registers by Type
2. CLB Logic Distribution
3. BLOCKRAM
4. ARITHMETIC
5. I/O
6. CLOCK
7. ADVANCED
8. CONFIGURATION
9. Primitives
10. Black Boxes
11. Instantiated Netlists

1. CLB Logic
------------

+----------------------------+--------+-------+------------+-----------+-------+
|          Site Type         |  Used  | Fixed | Prohibited | Available | Util% |
+----------------------------+--------+-------+------------+-----------+-------+
| CLB LUTs                   |  94157 |     0 |          0 |    425280 | 22.14 |
|   LUT as Logic             |  70706 |     0 |          0 |    425280 | 16.63 |
|   LUT as Memory            |  23451 |     0 |          0 |    213600 | 10.98 |
|     LUT as Distributed RAM |   1228 |     0 |            |           |       |
|     LUT as Shift Register  |  22223 |     0 |            |           |       |
| CLB Registers              | 191245 |     0 |          0 |    850560 | 22.48 |
|   Register as Flip Flop    | 191245 |     0 |          0 |    850560 | 22.48 |
|   Register as Latch        |      0 |     0 |          0 |    850560 |  0.00 |
| CARRY8                     |   7684 |     0 |          0 |     53160 | 14.45 |
| F7 Muxes                   |    476 |     0 |          0 |    212640 |  0.22 |
| F8 Muxes                   |     81 |     0 |          0 |    106320 |  0.08 |
| F9 Muxes                   |      0 |     0 |          0 |     53160 |  0.00 |
+----------------------------+--------+-------+------------+-----------+-------+


1.1 Summary of Registers by Type
--------------------------------

+--------+--------------+-------------+--------------+
|  Total | Clock Enable | Synchronous | Asynchronous |
+--------+--------------+-------------+--------------+
| 0      |            _ |           - |            - |
| 0      |            _ |           - |          Set |
| 0      |            _ |           - |        Reset |
| 0      |            _ |         Set |            - |
| 0      |            _ |       Reset |            - |
| 0      |          Yes |           - |            - |
| 643    |          Yes |           - |          Set |
| 992    |          Yes |           - |        Reset |
| 715    |          Yes |         Set |            - |
| 188895 |          Yes |       Reset |            - |
+--------+--------------+-------------+--------------+


2. CLB Logic Distribution
-------------------------

+--------------------------------------------+--------+-------+------------+-----------+-------+
|                  Site Type                 |  Used  | Fixed | Prohibited | Available | Util% |
+--------------------------------------------+--------+-------+------------+-----------+-------+
| CLB                                        |  26185 |     0 |          0 |     53160 | 49.26 |
|   CLBL                                     |  11156 |     0 |            |           |       |
|   CLBM                                     |  15029 |     0 |            |           |       |
| LUT as Logic                               |  70706 |     0 |          0 |    425280 | 16.63 |
|   using O5 output only                     |    631 |       |            |           |       |
|   using O6 output only                     |  63904 |       |            |           |       |
|   using O5 and O6                          |   6171 |       |            |           |       |
| LUT as Memory                              |  23451 |     0 |          0 |    213600 | 10.98 |
|   LUT as Distributed RAM                   |   1228 |     0 |            |           |       |
|     using O5 output only                   |      0 |       |            |           |       |
|     using O6 output only                   |      0 |       |            |           |       |
|     using O5 and O6                        |   1228 |       |            |           |       |
|   LUT as Shift Register                    |  22223 |     0 |            |           |       |
|     using O5 output only                   |      0 |       |            |           |       |
|     using O6 output only                   |  16098 |       |            |           |       |
|     using O5 and O6                        |   6125 |       |            |           |       |
| CLB Registers                              | 191245 |     0 |          0 |    850560 | 22.48 |
|   Register driven from within the CLB      |  87342 |       |            |           |       |
|   Register driven from outside the CLB     | 103903 |       |            |           |       |
|     LUT in front of the register is unused |  93499 |       |            |           |       |
|     LUT in front of the register is used   |  10404 |       |            |           |       |
| Unique Control Sets                        |   1335 |       |          0 |    106320 |  1.26 |
+--------------------------------------------+--------+-------+------------+-----------+-------+
* * Note: Available Control Sets calculated as Slices * 2, Review the Control Sets Report for more information regarding control sets.


3. BLOCKRAM
-----------

+-------------------+------+-------+------------+-----------+-------+
|     Site Type     | Used | Fixed | Prohibited | Available | Util% |
+-------------------+------+-------+------------+-----------+-------+
| Block RAM Tile    |  620 |     0 |          0 |      1080 | 57.41 |
|   RAMB36/FIFO*    |  620 |     0 |          0 |      1080 | 57.41 |
|     RAMB36E2 only |  620 |       |            |           |       |
|   RAMB18          |    0 |     0 |          0 |      2160 |  0.00 |
| URAM              |    0 |     0 |          0 |        80 |  0.00 |
+-------------------+------+-------+------------+-----------+-------+
* Note: Each Block RAM Tile only has one FIFO logic available and therefore can accommodate only one FIFO36E2 or one FIFO18E2. However, if a FIFO18E2 occupies a Block RAM Tile, that tile can still accommodate a RAMB18E2


4. ARITHMETIC
-------------

+----------------+------+-------+------------+-----------+-------+
|    Site Type   | Used | Fixed | Prohibited | Available | Util% |
+----------------+------+-------+------------+-----------+-------+
| DSPs           | 2870 |     0 |          0 |      4272 | 67.18 |
|   DSP48E2 only | 2870 |       |            |           |       |
+----------------+------+-------+------------+-----------+-------+


5. I/O
------

+------------------+------+-------+------------+-----------+-------+
|     Site Type    | Used | Fixed | Prohibited | Available | Util% |
+------------------+------+-------+------------+-----------+-------+
| Bonded IOB       |   50 |    50 |          0 |       408 | 12.25 |
| HPIOB_M          |    2 |     2 |          0 |       144 |  1.39 |
|   INPUT          |    0 |       |            |           |       |
|   OUTPUT         |    2 |       |            |           |       |
|   BIDIR          |    0 |       |            |           |       |
| HPIOB_S          |   11 |    11 |          0 |       144 |  7.64 |
|   INPUT          |    0 |       |            |           |       |
|   OUTPUT         |   11 |       |            |           |       |
|   BIDIR          |    0 |       |            |           |       |
| HDIOB_M          |   15 |    15 |          0 |        48 | 31.25 |
|   INPUT          |    4 |       |            |           |       |
|   OUTPUT         |    3 |       |            |           |       |
|   BIDIR          |    8 |       |            |           |       |
| HDIOB_S          |   15 |    15 |          0 |        48 | 31.25 |
|   INPUT          |    4 |       |            |           |       |
|   OUTPUT         |    2 |       |            |           |       |
|   BIDIR          |    9 |       |            |           |       |
| HPIOB_SNGL       |    7 |     7 |          0 |        24 | 29.17 |
|   INPUT          |    0 |       |            |           |       |
|   OUTPUT         |    7 |       |            |           |       |
|   BIDIR          |    0 |       |            |           |       |
| HPIOBDIFFINBUF   |    0 |     0 |          0 |       192 |  0.00 |
| HPIOBDIFFOUTBUF  |    0 |     0 |          0 |       192 |  0.00 |
| HDIOBDIFFINBUF   |    4 |     4 |          0 |        72 |  5.56 |
|   DIFFINBUF      |    4 |     4 |            |           |       |
| BITSLICE_CONTROL |    0 |     0 |          0 |        64 |  0.00 |
| BITSLICE_RX_TX   |    0 |     0 |          0 |      2496 |  0.00 |
| BITSLICE_TX      |    0 |     0 |          0 |        64 |  0.00 |
| RIU_OR           |    0 |     0 |          0 |        32 |  0.00 |
| RF_ADC           |    0 |     0 |          4 |         4 |  0.00 |
| RF_DAC           |    0 |     0 |          4 |         4 |  0.00 |
+------------------+------+-------+------------+-----------+-------+


6. CLOCK
--------

+----------------------+------+-------+------------+-----------+-------+
|       Site Type      | Used | Fixed | Prohibited | Available | Util% |
+----------------------+------+-------+------------+-----------+-------+
| GLOBAL CLOCK BUFFERs |    6 |     0 |          0 |       696 |  0.86 |
|   BUFGCE             |    5 |     0 |          0 |       216 |  2.31 |
|   BUFGCE_DIV         |    0 |     0 |          0 |        32 |  0.00 |
|   BUFG_GT            |    0 |     0 |          0 |       312 |  0.00 |
|   BUFG_PS            |    1 |     0 |          0 |        72 |  1.39 |
|   BUFGCTRL*          |    0 |     0 |          0 |        64 |  0.00 |
| PLL                  |    0 |     0 |          0 |        16 |  0.00 |
| MMCM                 |    0 |     0 |          0 |         8 |  0.00 |
+----------------------+------+-------+------------+-----------+-------+
* Note: Each used BUFGCTRL counts as two GLOBAL CLOCK BUFFERs. This table does not include global clocking resources, only buffer cell usage. See the Clock Utilization Report (report_clock_utilization) for detailed accounting of global clocking resource availability.


7. ADVANCED
-----------

+-----------------+------+-------+------------+-----------+--------+
|    Site Type    | Used | Fixed | Prohibited | Available |  Util% |
+-----------------+------+-------+------------+-----------+--------+
| CMACE4          |    0 |     0 |          0 |         2 |   0.00 |
| GTYE4_CHANNEL   |    0 |     0 |          0 |        16 |   0.00 |
| GTYE4_COMMON    |    0 |     0 |          0 |         4 |   0.00 |
| ILKNE4          |    0 |     0 |          0 |         1 |   0.00 |
| OBUFDS_GTE4     |    0 |     0 |          0 |         8 |   0.00 |
| OBUFDS_GTE4_ADV |    0 |     0 |          0 |         8 |   0.00 |
| PCIE4CE4        |    0 |     0 |          0 |         2 |   0.00 |
| PS8             |    1 |     0 |          0 |         1 | 100.00 |
| RFADC           |    4 |     4 |          0 |         4 | 100.00 |
| RFDAC           |    4 |     4 |          0 |         4 | 100.00 |
| SYSMONE4        |    0 |     0 |          0 |         1 |   0.00 |
+-----------------+------+-------+------------+-----------+--------+


8. CONFIGURATION
----------------

+-------------+------+-------+------------+-----------+-------+
|  Site Type  | Used | Fixed | Prohibited | Available | Util% |
+-------------+------+-------+------------+-----------+-------+
| BSCANE2     |    0 |     0 |          0 |         4 |  0.00 |
| DNA_PORTE2  |    0 |     0 |          0 |         1 |  0.00 |
| EFUSE_USR   |    0 |     0 |          0 |         1 |  0.00 |
| FRAME_ECCE4 |    0 |     0 |          0 |         1 |  0.00 |
| ICAPE3      |    0 |     0 |          0 |         2 |  0.00 |
| MASTER_JTAG |    0 |     0 |          0 |         1 |  0.00 |
| STARTUPE3   |    0 |     0 |          0 |         1 |  0.00 |
+-------------+------+-------+------------+-----------+-------+


9. Primitives
-------------

+-----------+--------+---------------------+
|  Ref Name |  Used  | Functional Category |
+-----------+--------+---------------------+
| FDRE      | 188895 |            Register |
| LUT3      |  26673 |                 CLB |
| LUT2      |  24579 |                 CLB |
| SRLC32E   |  15310 |                 CLB |
| SRL16E    |  13038 |                 CLB |
| LUT6      |  11109 |                 CLB |
| CARRY8    |   7684 |                 CLB |
| LUT5      |   6406 |                 CLB |
| LUT4      |   4572 |                 CLB |
| LUT1      |   3538 |                 CLB |
| DSP48E2   |   2870 |          Arithmetic |
| RAMD32    |   2114 |                 CLB |
| FDCE      |    992 |            Register |
| FDSE      |    715 |            Register |
| FDPE      |    643 |            Register |
| RAMB36E2  |    620 |            BLOCKRAM |
| MUXF7     |    476 |                 CLB |
| RAMS32    |    342 |                 CLB |
| MUXF8     |     81 |                 CLB |
| OBUF      |     39 |                 I/O |
| IBUFCTRL  |      7 |              Others |
| BUFGCE    |      5 |               Clock |
| RFDAC     |      4 |            Advanced |
| RFADC     |      4 |            Advanced |
| DIFFINBUF |      4 |                 I/O |
| INBUF     |      3 |                 I/O |
| OBUFT     |      2 |                 I/O |
| PS8       |      1 |            Advanced |
| BUFG_PS   |      1 |               Clock |
+-----------+--------+---------------------+


10. Black Boxes
---------------

+----------+------+
| Ref Name | Used |
+----------+------+


11. Instantiated Netlists
-------------------------

+------------------------------+------+
|           Ref Name           | Used |
+------------------------------+------+
| psbd_zynq_ultra_ps_e_0_0     |    1 |
| psbd_xbar_0                  |    1 |
| psbd_rf_data_converter_0     |    1 |
| psbd_plps_0_0                |    1 |
| psbd_dspregs_0               |    1 |
| psbd_cfgregs_0               |    1 |
| psbd_bramctrl_0              |    1 |
| psbd_axi_clock_converter_0_0 |    1 |
| psbd_auto_pc_0               |    1 |
| psbd_auto_cc_3               |    1 |
| psbd_auto_cc_2               |    1 |
| psbd_auto_cc_1               |    1 |
| psbd_auto_cc_0               |    1 |
+------------------------------+------+


